// Jest Snapshot v1, https://goo.gl/fbAQLP

exports[`Profile entry UI render features container should render as expected 1`] = `
<MemoryRouter
  initialEntries={
    Array [
      Object {
        "key": "testKey",
      },
    ]
  }
>
  <Router
    history={
      Object {
        "action": "POP",
        "block": [Function],
        "canGo": [Function],
        "createHref": [Function],
        "entries": Array [
          Object {
            "hash": "",
            "key": "testKey",
            "pathname": "/",
            "search": "",
          },
        ],
        "go": [Function],
        "goBack": [Function],
        "goForward": [Function],
        "index": 0,
        "length": 1,
        "listen": [Function],
        "location": Object {
          "hash": "",
          "key": "testKey",
          "pathname": "/",
          "search": "",
        },
        "push": [Function],
        "replace": [Function],
      }
    }
  >
    <_default>
      <Provider
        store={
          Object {
            "dispatch": [Function],
            "getState": [Function],
            "replaceReducer": [Function],
            "subscribe": [Function],
            Symbol(observable): [Function],
          }
        }
      >
        <Connect(Profile)>
          <Profile
            profile={Object {}}
            signout={[Function]}
          >
            <div
              className="bg body"
            >
              <header
                className="header2"
              >
                <nav>
                  <ul
                    className="nav nav2"
                  >
                    <li>
                      <Link
                        replace={false}
                        to="/"
                      >
                        <a
                          href="/"
                          onClick={[Function]}
                        >
                          Home
                        </a>
                      </Link>
                    </li>
                    <li>
                      <Link
                        id="logout"
                        onClick={[Function]}
                        replace={false}
                        to="/"
                      >
                        <a
                          href="/"
                          id="logout"
                          onClick={[Function]}
                        >
                          Sign Out
                        </a>
                      </Link>
                    </li>
                  </ul>
                </nav>
              </header>
              <section
                className="profile"
              >
                <div
                  className="bigbox"
                >
                  <div
                    className="box card span21 span2-center"
                  >
                    <h2
                      id="username"
                    >
                      Welcome 
                    </h2>
                    <Link
                      className="ebtn ebtn-filled"
                      replace={false}
                      to="/create"
                    >
                      <a
                        className="ebtn ebtn-filled"
                        href="/create"
                        onClick={[Function]}
                      >
                        Add Entry
                      </a>
                    </Link>
                    <Link
                      className="ebtn ebtn-transparent"
                      replace={false}
                      to="/entries"
                    >
                      <a
                        className="ebtn ebtn-transparent"
                        href="/entries"
                        onClick={[Function]}
                      >
                        My Diary
                      </a>
                    </Link>
                  </div>
                </div>
              </section>
            </div>
          </Profile>
        </Connect(Profile)>
      </Provider>
    </_default>
  </Router>
</MemoryRouter>
`;
